
Running 13 tests using 6 workers

­ƒöÉ Starting HMSI login process...
­ƒöÉ Starting HMSI login process...
­ƒöÉ Starting HMSI login process...
­ƒöÉ Starting HMSI login process...
­ƒöÉ Starting HMSI login process...
­ƒöÉ Starting HMSI login process...
  Ô£ÿ   2 [chromium] ÔÇ║ tests\hmsi\editLaporan.test.js:138:3 ÔÇ║ Functional Test - Edit Laporan HMSI ÔÇ║ Dapat mengedit Dana Digunakan dan Dana Terpakai (3.8s)
  Ô£ÿ   1 [chromium] ÔÇ║ tests\hmsi\editLaporan.test.js:92:3 ÔÇ║ Functional Test - Edit Laporan HMSI ÔÇ║ Dropdown Program Kerja dapat dibuka, dipilih, dan ditutup (4.0s)
  Ô£ÿ   3 [chromium] ÔÇ║ tests\hmsi\editLaporan.test.js:65:3 ÔÇ║ Functional Test - Edit Laporan HMSI ÔÇ║ Dapat mengedit semua field Informasi Dasar (4.0s)
  Ô£ÿ   4 [chromium] ÔÇ║ tests\hmsi\editLaporan.test.js:58:3 ÔÇ║ Functional Test - Edit Laporan HMSI ÔÇ║ Halaman edit laporan berhasil dimuat dengan semua section (3.9s)
  Ô£ÿ   6 [chromium] ÔÇ║ tests\hmsi\editLaporan.test.js:157:3 ÔÇ║ Functional Test - Edit Laporan HMSI ÔÇ║ Dapat mengedit Target Kualitatif dan Kuantitatif (3.8s)
  Ô£ÿ   5 [chromium] ÔÇ║ tests\hmsi\editLaporan.test.js:118:3 ÔÇ║ Functional Test - Edit Laporan HMSI ÔÇ║ Radio button Sumber Dana (Uang Kas & Lainnya) berfungsi (4.0s)
­ƒöÉ Starting HMSI login process...
­ƒöÉ Starting HMSI login process...
­ƒöÉ Starting HMSI login process...
­ƒöÉ Starting HMSI login process...
­ƒöÉ Starting HMSI login process...
­ƒöÉ Starting HMSI login process...
  Ô£ÿ   7 [chromium] ÔÇ║ tests\hmsi\editLaporan.test.js:176:3 ÔÇ║ Functional Test - Edit Laporan HMSI ÔÇ║ Dapat mengedit Sasaran, Kendala, dan Solusi (3.7s)
  Ô£ÿ   8 [chromium] ÔÇ║ tests\hmsi\editLaporan.test.js:202:3 ÔÇ║ Functional Test - Edit Laporan HMSI ÔÇ║ Dropzone file dokumentasi tersedia (3.7s)
  Ô£ÿ  12 [chromium] ÔÇ║ tests\hmsi\editLaporan.test.js:259:3 ÔÇ║ Functional Test - Edit Laporan HMSI ÔÇ║ Form dapat disubmit dengan data valid (3.7s)
  Ô£ÿ   9 [chromium] ÔÇ║ tests\hmsi\editLaporan.test.js:218:3 ÔÇ║ Functional Test - Edit Laporan HMSI ÔÇ║ Tombol Simpan dan Batal tersedia dan berfungsi (3.7s)
  Ô£ÿ  10 [chromium] ÔÇ║ tests\hmsi\editLaporan.test.js:235:3 ÔÇ║ Functional Test - Edit Laporan HMSI ÔÇ║ Field wajib (Judul, Waktu, Deskripsi) memiliki atribut required (3.8s)
  Ô£ÿ  11 [chromium] ÔÇ║ tests\hmsi\editLaporan.test.js:289:3 ÔÇ║ Functional Test - Edit Laporan HMSI ÔÇ║ Header memiliki styling gradient orange (3.7s)
­ƒöÉ Starting HMSI login process...
  Ô£ÿ  13 [chromium] ÔÇ║ tests\hmsi\editLaporan.test.js:301:3 ÔÇ║ Functional Test - Edit Laporan HMSI ÔÇ║ Form responsif di mobile view (375px) (3.5s)


  1) [chromium] ÔÇ║ tests\hmsi\editLaporan.test.js:58:3 ÔÇ║ Functional Test - Edit Laporan HMSI ÔÇ║ Halaman edit laporan berhasil dimuat dengan semua section 

    Error: page.goto: net::ERR_CONNECTION_REFUSED at http://localhost:3000/auth/login
    Call log:
    [2m  - navigating to "http://localhost:3000/auth/login", waiting until "domcontentloaded"[22m


       at hmsi\helpers\auth-helper.js:9

       7 |   
       8 |   // Navigasi ke halaman login dengan timeout dan waitUntil yang lebih cepat
    >  9 |   await page.goto("http://localhost:3000/auth/login", {
         |              ^
      10 |     timeout: 60000,
      11 |     waitUntil: 'domcontentloaded'
      12 |   });
        at loginAsHMSI (C:\Users\ACER\hmsitracker\tests\hmsi\helpers\auth-helper.js:9:14)
        at C:\Users\ACER\hmsitracker\tests\hmsi\editLaporan.test.js:8:11

  2) [chromium] ÔÇ║ tests\hmsi\editLaporan.test.js:65:3 ÔÇ║ Functional Test - Edit Laporan HMSI ÔÇ║ Dapat mengedit semua field Informasi Dasar 

    Error: page.goto: net::ERR_CONNECTION_REFUSED at http://localhost:3000/auth/login
    Call log:
    [2m  - navigating to "http://localhost:3000/auth/login", waiting until "domcontentloaded"[22m


       at hmsi\helpers\auth-helper.js:9

       7 |   
       8 |   // Navigasi ke halaman login dengan timeout dan waitUntil yang lebih cepat
    >  9 |   await page.goto("http://localhost:3000/auth/login", {
         |              ^
      10 |     timeout: 60000,
      11 |     waitUntil: 'domcontentloaded'
      12 |   });
        at loginAsHMSI (C:\Users\ACER\hmsitracker\tests\hmsi\helpers\auth-helper.js:9:14)
        at C:\Users\ACER\hmsitracker\tests\hmsi\editLaporan.test.js:8:11

  3) [chromium] ÔÇ║ tests\hmsi\editLaporan.test.js:92:3 ÔÇ║ Functional Test - Edit Laporan HMSI ÔÇ║ Dropdown Program Kerja dapat dibuka, dipilih, dan ditutup 

    Error: page.goto: net::ERR_CONNECTION_REFUSED at http://localhost:3000/auth/login
    Call log:
    [2m  - navigating to "http://localhost:3000/auth/login", waiting until "domcontentloaded"[22m


       at hmsi\helpers\auth-helper.js:9

       7 |   
       8 |   // Navigasi ke halaman login dengan timeout dan waitUntil yang lebih cepat
    >  9 |   await page.goto("http://localhost:3000/auth/login", {
         |              ^
      10 |     timeout: 60000,
      11 |     waitUntil: 'domcontentloaded'
      12 |   });
        at loginAsHMSI (C:\Users\ACER\hmsitracker\tests\hmsi\helpers\auth-helper.js:9:14)
        at C:\Users\ACER\hmsitracker\tests\hmsi\editLaporan.test.js:8:11

  4) [chromium] ÔÇ║ tests\hmsi\editLaporan.test.js:118:3 ÔÇ║ Functional Test - Edit Laporan HMSI ÔÇ║ Radio button Sumber Dana (Uang Kas & Lainnya) berfungsi 

    Error: page.goto: net::ERR_CONNECTION_REFUSED at http://localhost:3000/auth/login
    Call log:
    [2m  - navigating to "http://localhost:3000/auth/login", waiting until "domcontentloaded"[22m


       at hmsi\helpers\auth-helper.js:9

       7 |   
       8 |   // Navigasi ke halaman login dengan timeout dan waitUntil yang lebih cepat
    >  9 |   await page.goto("http://localhost:3000/auth/login", {
         |              ^
      10 |     timeout: 60000,
      11 |     waitUntil: 'domcontentloaded'
      12 |   });
        at loginAsHMSI (C:\Users\ACER\hmsitracker\tests\hmsi\helpers\auth-helper.js:9:14)
        at C:\Users\ACER\hmsitracker\tests\hmsi\editLaporan.test.js:8:11

  5) [chromium] ÔÇ║ tests\hmsi\editLaporan.test.js:138:3 ÔÇ║ Functional Test - Edit Laporan HMSI ÔÇ║ Dapat mengedit Dana Digunakan dan Dana Terpakai 

    Error: page.goto: net::ERR_CONNECTION_REFUSED at http://localhost:3000/auth/login
    Call log:
    [2m  - navigating to "http://localhost:3000/auth/login", waiting until "domcontentloaded"[22m


       at hmsi\helpers\auth-helper.js:9

       7 |   
       8 |   // Navigasi ke halaman login dengan timeout dan waitUntil yang lebih cepat
    >  9 |   await page.goto("http://localhost:3000/auth/login", {
         |              ^
      10 |     timeout: 60000,
      11 |     waitUntil: 'domcontentloaded'
      12 |   });
        at loginAsHMSI (C:\Users\ACER\hmsitracker\tests\hmsi\helpers\auth-helper.js:9:14)
        at C:\Users\ACER\hmsitracker\tests\hmsi\editLaporan.test.js:8:11

  6) [chromium] ÔÇ║ tests\hmsi\editLaporan.test.js:157:3 ÔÇ║ Functional Test - Edit Laporan HMSI ÔÇ║ Dapat mengedit Target Kualitatif dan Kuantitatif 

    Error: page.goto: net::ERR_CONNECTION_REFUSED at http://localhost:3000/auth/login
    Call log:
    [2m  - navigating to "http://localhost:3000/auth/login", waiting until "domcontentloaded"[22m


       at hmsi\helpers\auth-helper.js:9

       7 |   
       8 |   // Navigasi ke halaman login dengan timeout dan waitUntil yang lebih cepat
    >  9 |   await page.goto("http://localhost:3000/auth/login", {
         |              ^
      10 |     timeout: 60000,
      11 |     waitUntil: 'domcontentloaded'
      12 |   });
        at loginAsHMSI (C:\Users\ACER\hmsitracker\tests\hmsi\helpers\auth-helper.js:9:14)
        at C:\Users\ACER\hmsitracker\tests\hmsi\editLaporan.test.js:8:11

  7) [chromium] ÔÇ║ tests\hmsi\editLaporan.test.js:176:3 ÔÇ║ Functional Test - Edit Laporan HMSI ÔÇ║ Dapat mengedit Sasaran, Kendala, dan Solusi 

    Error: page.goto: net::ERR_CONNECTION_REFUSED at http://localhost:3000/auth/login
    Call log:
    [2m  - navigating to "http://localhost:3000/auth/login", waiting until "domcontentloaded"[22m


       at hmsi\helpers\auth-helper.js:9

       7 |   
       8 |   // Navigasi ke halaman login dengan timeout dan waitUntil yang lebih cepat
    >  9 |   await page.goto("http://localhost:3000/auth/login", {
         |              ^
      10 |     timeout: 60000,
      11 |     waitUntil: 'domcontentloaded'
      12 |   });
        at loginAsHMSI (C:\Users\ACER\hmsitracker\tests\hmsi\helpers\auth-helper.js:9:14)
        at C:\Users\ACER\hmsitracker\tests\hmsi\editLaporan.test.js:8:11

  8) [chromium] ÔÇ║ tests\hmsi\editLaporan.test.js:202:3 ÔÇ║ Functional Test - Edit Laporan HMSI ÔÇ║ Dropzone file dokumentasi tersedia 

    Error: page.goto: net::ERR_CONNECTION_REFUSED at http://localhost:3000/auth/login
    Call log:
    [2m  - navigating to "http://localhost:3000/auth/login", waiting until "domcontentloaded"[22m


       at hmsi\helpers\auth-helper.js:9

       7 |   
       8 |   // Navigasi ke halaman login dengan timeout dan waitUntil yang lebih cepat
    >  9 |   await page.goto("http://localhost:3000/auth/login", {
         |              ^
      10 |     timeout: 60000,
      11 |     waitUntil: 'domcontentloaded'
      12 |   });
        at loginAsHMSI (C:\Users\ACER\hmsitracker\tests\hmsi\helpers\auth-helper.js:9:14)
        at C:\Users\ACER\hmsitracker\tests\hmsi\editLaporan.test.js:8:11

  9) [chromium] ÔÇ║ tests\hmsi\editLaporan.test.js:218:3 ÔÇ║ Functional Test - Edit Laporan HMSI ÔÇ║ Tombol Simpan dan Batal tersedia dan berfungsi 

    Error: page.goto: net::ERR_CONNECTION_REFUSED at http://localhost:3000/auth/login
    Call log:
    [2m  - navigating to "http://localhost:3000/auth/login", waiting until "domcontentloaded"[22m


       at hmsi\helpers\auth-helper.js:9

       7 |   
       8 |   // Navigasi ke halaman login dengan timeout dan waitUntil yang lebih cepat
    >  9 |   await page.goto("http://localhost:3000/auth/login", {
         |              ^
      10 |     timeout: 60000,
      11 |     waitUntil: 'domcontentloaded'
      12 |   });
        at loginAsHMSI (C:\Users\ACER\hmsitracker\tests\hmsi\helpers\auth-helper.js:9:14)
        at C:\Users\ACER\hmsitracker\tests\hmsi\editLaporan.test.js:8:11

  10) [chromium] ÔÇ║ tests\hmsi\editLaporan.test.js:235:3 ÔÇ║ Functional Test - Edit Laporan HMSI ÔÇ║ Field wajib (Judul, Waktu, Deskripsi) memiliki atribut required 

    Error: page.goto: net::ERR_CONNECTION_REFUSED at http://localhost:3000/auth/login
    Call log:
    [2m  - navigating to "http://localhost:3000/auth/login", waiting until "domcontentloaded"[22m


       at hmsi\helpers\auth-helper.js:9

       7 |   
       8 |   // Navigasi ke halaman login dengan timeout dan waitUntil yang lebih cepat
    >  9 |   await page.goto("http://localhost:3000/auth/login", {
         |              ^
      10 |     timeout: 60000,
      11 |     waitUntil: 'domcontentloaded'
      12 |   });
        at loginAsHMSI (C:\Users\ACER\hmsitracker\tests\hmsi\helpers\auth-helper.js:9:14)
        at C:\Users\ACER\hmsitracker\tests\hmsi\editLaporan.test.js:8:11

  11) [chromium] ÔÇ║ tests\hmsi\editLaporan.test.js:259:3 ÔÇ║ Functional Test - Edit Laporan HMSI ÔÇ║ Form dapat disubmit dengan data valid 

    Error: page.goto: net::ERR_CONNECTION_REFUSED at http://localhost:3000/auth/login
    Call log:
    [2m  - navigating to "http://localhost:3000/auth/login", waiting until "domcontentloaded"[22m


       at hmsi\helpers\auth-helper.js:9

       7 |   
       8 |   // Navigasi ke halaman login dengan timeout dan waitUntil yang lebih cepat
    >  9 |   await page.goto("http://localhost:3000/auth/login", {
         |              ^
      10 |     timeout: 60000,
      11 |     waitUntil: 'domcontentloaded'
      12 |   });
        at loginAsHMSI (C:\Users\ACER\hmsitracker\tests\hmsi\helpers\auth-helper.js:9:14)
        at C:\Users\ACER\hmsitracker\tests\hmsi\editLaporan.test.js:8:11

  12) [chromium] ÔÇ║ tests\hmsi\editLaporan.test.js:289:3 ÔÇ║ Functional Test - Edit Laporan HMSI ÔÇ║ Header memiliki styling gradient orange 

    Error: page.goto: net::ERR_CONNECTION_REFUSED at http://localhost:3000/auth/login
    Call log:
    [2m  - navigating to "http://localhost:3000/auth/login", waiting until "domcontentloaded"[22m


       at hmsi\helpers\auth-helper.js:9

       7 |   
       8 |   // Navigasi ke halaman login dengan timeout dan waitUntil yang lebih cepat
    >  9 |   await page.goto("http://localhost:3000/auth/login", {
         |              ^
      10 |     timeout: 60000,
      11 |     waitUntil: 'domcontentloaded'
      12 |   });
        at loginAsHMSI (C:\Users\ACER\hmsitracker\tests\hmsi\helpers\auth-helper.js:9:14)
        at C:\Users\ACER\hmsitracker\tests\hmsi\editLaporan.test.js:8:11

  13) [chromium] ÔÇ║ tests\hmsi\editLaporan.test.js:301:3 ÔÇ║ Functional Test - Edit Laporan HMSI ÔÇ║ Form responsif di mobile view (375px) 

    Error: page.goto: net::ERR_CONNECTION_REFUSED at http://localhost:3000/auth/login
    Call log:
    [2m  - navigating to "http://localhost:3000/auth/login", waiting until "domcontentloaded"[22m


       at hmsi\helpers\auth-helper.js:9

       7 |   
       8 |   // Navigasi ke halaman login dengan timeout dan waitUntil yang lebih cepat
    >  9 |   await page.goto("http://localhost:3000/auth/login", {
         |              ^
      10 |     timeout: 60000,
      11 |     waitUntil: 'domcontentloaded'
      12 |   });
        at loginAsHMSI (C:\Users\ACER\hmsitracker\tests\hmsi\helpers\auth-helper.js:9:14)
        at C:\Users\ACER\hmsitracker\tests\hmsi\editLaporan.test.js:8:11

  13 failed
    [chromium] ÔÇ║ tests\hmsi\editLaporan.test.js:58:3 ÔÇ║ Functional Test - Edit Laporan HMSI ÔÇ║ Halaman edit laporan berhasil dimuat dengan semua section 
    [chromium] ÔÇ║ tests\hmsi\editLaporan.test.js:65:3 ÔÇ║ Functional Test - Edit Laporan HMSI ÔÇ║ Dapat mengedit semua field Informasi Dasar 
    [chromium] ÔÇ║ tests\hmsi\editLaporan.test.js:92:3 ÔÇ║ Functional Test - Edit Laporan HMSI ÔÇ║ Dropdown Program Kerja dapat dibuka, dipilih, dan ditutup 
    [chromium] ÔÇ║ tests\hmsi\editLaporan.test.js:118:3 ÔÇ║ Functional Test - Edit Laporan HMSI ÔÇ║ Radio button Sumber Dana (Uang Kas & Lainnya) berfungsi 
    [chromium] ÔÇ║ tests\hmsi\editLaporan.test.js:138:3 ÔÇ║ Functional Test - Edit Laporan HMSI ÔÇ║ Dapat mengedit Dana Digunakan dan Dana Terpakai 
    [chromium] ÔÇ║ tests\hmsi\editLaporan.test.js:157:3 ÔÇ║ Functional Test - Edit Laporan HMSI ÔÇ║ Dapat mengedit Target Kualitatif dan Kuantitatif 
    [chromium] ÔÇ║ tests\hmsi\editLaporan.test.js:176:3 ÔÇ║ Functional Test - Edit Laporan HMSI ÔÇ║ Dapat mengedit Sasaran, Kendala, dan Solusi 
    [chromium] ÔÇ║ tests\hmsi\editLaporan.test.js:202:3 ÔÇ║ Functional Test - Edit Laporan HMSI ÔÇ║ Dropzone file dokumentasi tersedia 
    [chromium] ÔÇ║ tests\hmsi\editLaporan.test.js:218:3 ÔÇ║ Functional Test - Edit Laporan HMSI ÔÇ║ Tombol Simpan dan Batal tersedia dan berfungsi 
    [chromium] ÔÇ║ tests\hmsi\editLaporan.test.js:235:3 ÔÇ║ Functional Test - Edit Laporan HMSI ÔÇ║ Field wajib (Judul, Waktu, Deskripsi) memiliki atribut required 
    [chromium] ÔÇ║ tests\hmsi\editLaporan.test.js:259:3 ÔÇ║ Functional Test - Edit Laporan HMSI ÔÇ║ Form dapat disubmit dengan data valid 
    [chromium] ÔÇ║ tests\hmsi\editLaporan.test.js:289:3 ÔÇ║ Functional Test - Edit Laporan HMSI ÔÇ║ Header memiliki styling gradient orange 
    [chromium] ÔÇ║ tests\hmsi\editLaporan.test.js:301:3 ÔÇ║ Functional Test - Edit Laporan HMSI ÔÇ║ Form responsif di mobile view (375px) 
